
[1m[46m RUN [49m[22m [36mv3.2.4 [39m[90mC:/Users/Nipply Nathan/Documents/GitHub/benefit-finder[39m

[90mstdout[2m | src/__tests__/App.accessibility.test.tsx[2m > [22m[2mApp Component - Accessibility[2m > [22m[2mshould have proper ARIA labels on navigation buttons
[22m[39m[GLOBAL SETUP DEBUG] Global afterEach starting
[GLOBAL SETUP DEBUG] React cleanup completed
[GLOBAL SETUP DEBUG] Global afterEach completed in 5ms

[90mstdout[2m | src/__tests__/App.accessibility.test.tsx[2m > [22m[2mApp Component - Accessibility[2m > [22m[2mshould have live region for announcements
[22m[39m[GLOBAL SETUP DEBUG] Global afterEach starting
[GLOBAL SETUP DEBUG] React cleanup completed
[GLOBAL SETUP DEBUG] Global afterEach completed in 3ms

[90mstdout[2m | src/__tests__/App.accessibility.test.tsx[2m > [22m[2mApp Component - Accessibility[2m > [22m[2mshould have proper ARIA labels on action buttons
[22m[39m[GLOBAL SETUP DEBUG] Global afterEach starting
[GLOBAL SETUP DEBUG] React cleanup completed
[GLOBAL SETUP DEBUG] Global afterEach completed in 3ms

 [32mΓ£ô[39m src/__tests__/App.accessibility.test.tsx[2m > [22mApp Component - Accessibility[2m > [22mshould have proper ARIA labels on navigation buttons[33m 359[2mms[22m[39m
 [32mΓ£ô[39m src/__tests__/App.accessibility.test.tsx[2m > [22mApp Component - Accessibility[2m > [22mshould have live region for announcements[32m 10[2mms[22m[39m
 [32mΓ£ô[39m src/__tests__/App.accessibility.test.tsx[2m > [22mApp Component - Accessibility[2m > [22mshould have proper ARIA labels on action buttons[32m 78[2mms[22m[39m
[90mstdout[2m | src/__tests__/App.accessibility.test.tsx[2m > [22m[2mApp Component - Accessibility[2m > [22m[2mshould have proper ARIA labels on external links
[22m[39m[GLOBAL SETUP DEBUG] Global afterEach starting
[GLOBAL SETUP DEBUG] React cleanup completed
[GLOBAL SETUP DEBUG] Global afterEach completed in 3ms

 [32mΓ£ô[39m src/__tests__/App.accessibility.test.tsx[2m > [22mApp Component - Accessibility[2m > [22mshould have proper ARIA labels on external links[32m 62[2mms[22m[39m
[90mstdout[2m | src/__tests__/App.test.tsx[2m > [22m[2mApp Component - Integration[2m > [22m[2mshould import and render without errors
[22m[39mContainer innerHTML: <div class="min-h-screen bg-gradient-to-br from-secondary-50 to-primary-50 dark:from-secondary-900 dark:to-primary-900 text-secondary-900 dark:text-secondary-100"><nav class="bg-white/80 dark:bg-secondary-800/80 backdrop-blur-md border-b border-secondary-200 dark:border-secondary-700 px-4 py-4 shadow-sm overflow-hidden"><div class="max-w-7xl mx-auto"><div class="hidden lg:flex items-center justify-between"><div class="flex items-center gap-3"><h1 class="text-xl font-display font-semibold text-secondary-900 dark:text-secondary-100">BenefitFinder</h1><a href="https://frootsnoops.com" target="_blank" rel="noopener noreferrer" class="flex items-center gap-2 hover:opacity-80 transition-opacity duration-200" aria-label="Visit frootsnoops.com - a frootsnoops site"><div class="w-11 h-11 rounded-full border-2 border-secondary-300 dark:border-secondary-600 overflow-hidden hover:scale-110 transition-transform duration-200 hover:border-primary-500 dark:hover:border-primary-400"><img src="/frootsnoops_mascot.png" alt="Frootsnoops mascot" class="w-full h-full object-cover"></div><span class="text-xs text-secondary-600 dark:text-secondary-400 font-medium">a frootsnoops site</span></a></div><div class="flex items-center space-x-4"><div class="flex items-center space-x-2"><div data-testid="help-tooltip"><button type="button" class="relative inline-flex items-center justify-center font-medium
    transition-all duration-200 ease-smooth
    focus:outline-none focus:ring-2 focus:ring-offset-2
    active:scale-[0.98] disabled:active:scale-100
    min-h-touch rounded-lg px-4 py-2 text-sm min-h-[44px] 
          bg-transparent text-secondary-700 dark:text-secondary-200 border border-secondary-300 dark:border-secondary-600
          hover:bg-secondary-50 dark:hover:bg-secondary-700 hover:border-secondary-400 dark:hover:border-secondary-500
          focus:ring-secondary-500 dark:focus:ring-secondary-400
          active:bg-secondary-100 dark:active:bg-secondary-600
          text-xs" aria-disabled="false">≡ƒÄ» Tour</button></div><div data-testid="help-tooltip"><button type="button" class="relative inline-flex items-center justify-center font-medium
    transition-all duration-200 ease-smooth
    focus:outline-none focus:ring-2 focus:ring-offset-2
    active:scale-[0.98] disabled:active:scale-100
    min-h-touch rounded-lg px-4 py-2 text-sm min-h-[44px] 
          bg-transparent text-secondary-700 dark:text-secondary-200 border border-secondary-300 dark:border-secondary-600
          hover:bg-secondary-50 dark:hover:bg-secondary-700 hover:border-secondary-400 dark:hover:border-secondary-500
          focus:ring-secondary-500 dark:focus:ring-secondary-400
          active:bg-secondary-100 dark:active:bg-secondary-600
          text-xs" aria-disabled="false">≡ƒöÆ Privacy</button></div><div data-testid="help-tooltip"><button type="button" class="relative inline-flex items-center justify-center font-medium
    transition-all duration-200 ease-smooth
    focus:outline-none focus:ring-2 focus:ring-offset-2
    active:scale-[0.98] disabled:active:scale-100
    min-h-touch rounded-lg px-4 py-2 text-sm min-h-[44px] 
          bg-transparent text-secondary-700 dark:text-secondary-200 border border-secondary-300 dark:border-secondary-600
          hover:bg-secondary-50 dark:hover:bg-secondary-700 hover:border-secondary-400 dark:hover:border-secondary-500
          focus:ring-secondary-500 dark:focus:ring-secondary-400
          active:bg-secondary-100 dark:active:bg-secondary-600
          text-xs" aria-disabled="false">≡ƒôû Guide</button></div><div data-testid="help-tooltip"><button type="button" class="relative inline-flex items-center justify-center font-medium
    transition-all duration-200 ease-smooth
    focus:outline-none focus:ring-2 focus:ring-offset-2
    active:scale-[0.98] disabled:active:scale-100
    min-h-touch rounded-lg px-4 py-2 text-sm min-h-[44px] 
          bg-transparent text-secondary-700 dark:text-secondary-200 border border-secondary-300 dark:border-secondary-600
          hover:bg-secondary-50 dark:hover:bg-secondary-700 hover:border-secondary-400 dark:hover:border-secondary-500
          focus:ring-secondary-500 dark:focus:ring-secondary-400
          active:bg-secondary-100 dark:active:bg-secondary-600
          text-xs" aria-disabled="false">Γî¿∩╕Å navigation.shortcuts</button></div></div><div class="flex items-center gap-2"><div data-testid="text-size-controls">Text Size</div><div data-testid="theme-switcher">Theme</div><div data-testid="language-switcher">Language</div></div></div></div><div class="hidden md:flex lg:hidden items-center justify-between px-2"><div class="flex items-center gap-1 min-w-0 flex-shrink"><h2 class="text-base font-display font-semibold text-secondary-900 dark:text-secondary-100 truncate">BenefitFinder</h2><a href="https://frootsnoops.com" target="_blank" rel="noopener noreferrer" class="flex items-center hover:opacity-80 transition-opacity duration-200 flex-shrink-0" aria-label="Visit frootsnoops.com - a frootsnoops site"><div class="w-11 h-11 rounded-full border-2 border-secondary-300 dark:border-secondary-600 overflow-hidden hover:scale-110 transition-transform duration-200 hover:border-primary-500 dark:hover:border-primary-400"><img src="/frootsnoops_mascot.png" alt="Frootsnoops mascot" class="w-full h-full object-cover"></div></a></div><div class="flex items-center gap-1 min-w-0 flex-shrink-0"><div class="flex items-center gap-0.5 flex-shrink-0"><div data-testid="help-tooltip"><button type="button" class="relative inline-flex items-center justify-center font-medium
    transition-all duration-200 ease-smooth
    focus:outline-none focus:ring-2 focus:ring-offset-2
    active:scale-[0.98] disabled:active:scale-100
    min-h-touch rounded-lg px-4 py-2 text-sm min-h-[44px] 
          bg-transparent text-secondary-700 dark:text-secondary-200 border border-secondary-300 dark:border-secondary-600
          hover:bg-secondary-50 dark:hover:bg-secondary-700 hover:border-secondary-400 dark:hover:border-secondary-500
          focus:ring-secondary-500 dark:focus:ring-secondary-400
          active:bg-secondary-100 dark:active:bg-secondary-600
          text-xs px-1.5" aria-disabled="false">≡ƒÄ» Tour</button></div><div data-testid="help-tooltip"><button type="button" class="relative inline-flex items-center justify-center font-medium
    transition-all duration-200 ease-smooth
    focus:outline-none focus:ring-2 focus:ring-offset-2
    active:scale-[0.98] disabled:active:scale-100
    min-h-touch rounded-lg px-4 py-2 text-sm min-h-[44px] 
          bg-transparent text-secondary-700 dark:text-secondary-200 border border-secondary-300 dark:border-secondary-600
          hover:bg-secondary-50 dark:hover:bg-secondary-700 hover:border-secondary-400 dark:hover:border-secondary-500
          focus:ring-secondary-500 dark:focus:ring-secondary-400
          active:bg-secondary-100 dark:active:bg-secondary-600
          text-xs px-1.5" aria-disabled="false">≡ƒöÆ Privacy</button></div><div data-testid="help-tooltip"><button type="button" class="relative inline-flex items-center justify-center font-medium
    transition-all duration-200 ease-smooth
    focus:outline-none focus:ring-2 focus:ring-offset-2
    active:scale-[0.98] disabled:active:scale-100
    min-h-touch rounded-lg px-4 py-2 text-sm min-h-[44px] 
          bg-transparent text-secondary-700 dark:text-secondary-200 border border-secondary-300 dark:border-secondary-600
          hover:bg-secondary-50 dark:hover:bg-secondary-700 hover:border-secondary-400 dark:hover:border-secondary-500
          focus:ring-secondary-500 dark:focus:ring-secondary-400
          active:bg-secondary-100 dark:active:bg-secondary-600
          text-xs px-1.5" aria-disabled="false">≡ƒôû Guide</button></div><div data-testid="help-tooltip"><button type="button" class="relative inline-flex items-center justify-center font-medium
    transition-all duration-200 ease-smooth
    focus:outline-none focus:ring-2 focus:ring-offset-2
    active:scale-[0.98] disabled:active:scale-100
    min-h-touch rounded-lg px-4 py-2 text-sm min-h-[44px] 
          bg-transparent text-secondary-700 dark:text-secondary-200 border border-secondary-300 dark:border-secondary-600
          hover:bg-secondary-50 dark:hover:bg-secondary-700 hover:border-secondary-400 dark:hover:border-secondary-500
          focus:ring-secondary-500 dark:focus:ring-secondary-400
          active:bg-secondary-100 dark:active:bg-secondary-600
          text-xs px-1.5" aria-disabled="false">Γî¿∩╕Å Shortcuts</button></div></div><div class="flex items-center gap-1 flex-shrink-0"><div data-testid="text-size-controls">Text Size</div><div data-testid="theme-switcher">Theme</div><div data-testid="language-switcher">Language</div></div></div></div><div class="flex md:hidden items-center justify-between"><div class="flex items-center gap-2"><h2 class="text-lg font-display font-semibold text-secondary-900 dark:text-secondary-100">BenefitFinder</h2><a href="https://frootsnoops.com" target="_blank" rel="noopener noreferrer" class="flex items-center hover:opacity-80 transition-opacity duration-200" aria-label="Visit frootsnoops.com - a frootsnoops site"><div class="w-11 h-11 rounded-full border-2 border-secondary-300 dark:border-secondary-600 overflow-hidden hover:scale-110 transition-transform duration-200 hover:border-primary-500 dark:hover:border-primary-400"><img src="/frootsnoops_mascot.png" alt="Frootsnoops mascot" class="w-full h-full object-cover"></div></a></div><div class="flex items-center space-x-2"><div class="flex items-center gap-1"><div data-testid="text-size-controls">Text Size</div><div data-testid="theme-switcher">Theme</div><div data-testid="language-switcher">Language</div></div></div></div><div class="flex md:hidden items-center justify-center mt-3 space-x-1"><div data-testid="help-tooltip"><button type="button" class="relative inline-flex items-center justify-center font-medium
    transition-all duration-200 ease-smooth
    focus:outline-none focus:ring-2 focus:ring-offset-2
    active:scale-[0.98] disabled:active:scale-100
    min-h-touch rounded-lg px-4 py-2 text-sm min-h-[44px] 
          bg-transparent text-secondary-700 dark:text-secondary-200 border border-secondary-300 dark:border-secondary-600
          hover:bg-secondary-50 dark:hover:bg-secondary-700 hover:border-secondary-400 dark:hover:border-secondary-500
          focus:ring-secondary-500 dark:focus:ring-secondary-400
          active:bg-secondary-100 dark:active:bg-secondary-600
          text-xs px-2" aria-disabled="false">≡ƒÄ» Tour</button></div><div data-testid="help-tooltip"><button type="button" class="relative inline-flex items-center justify-center font-medium
    transition-all duration-200 ease-smooth
    focus:outline-none focus:ring-2 focus:ring-offset-2
    active:scale-[0.98] disabled:active:scale-100
    min-h-touch rounded-lg px-4 py-2 text-sm min-h-[44px] 
          bg-transparent text-secondary-700 dark:text-secondary-200 border border-secondary-300 dark:border-secondary-600
          hover:bg-secondary-50 dark:hover:bg-secondary-700 hover:border-secondary-400 dark:hover:border-secondary-500
          focus:ring-secondary-500 dark:focus:ring-secondary-400
          active:bg-secondary-100 dark:active:bg-secondary-600
          text-xs px-2" aria-disabled="false">≡ƒöÆ Privacy</button></div><div data-testid="help-tooltip"><button type="button" class="relative inline-flex items-center justify-center font-medium
    transition-all duration-200 ease-smooth
    focus:outline-none focus:ring-2 focus:ring-offset-2
    active:scale-[0.98] disabled:active:scale-100
    min-h-touch rounded-lg px-4 py-2 text-sm min-h-[44px] 
          bg-transparent text-secondary-700 dark:text-secondary-200 border border-secondary-300 dark:border-secondary-600
          hover:bg-secondary-50 dark:hover:bg-secondary-700 hover:border-secondary-400 dark:hover:border-secondary-500
          focus:ring-secondary-500 dark:focus:ring-secondary-400
          active:bg-secondary-100 dark:active:bg-secondary-600
          text-xs px-2" aria-disabled="false">≡ƒôû Guide</button></div><div data-testid="help-tooltip"><button type="button" class="relative inline-flex items-center justify-center font-medium
    transition-all duration-200 ease-smooth
    focus:outline-none focus:ring-2 focus:ring-offset-2
    active:scale-[0.98] disabled:active:scale-100
    min-h-touch rounded-lg px-4 py-2 text-sm min-h-[44px] 
          bg-transparent text-secondary-700 dark:text-secondary-200 border border-secondary-300 dark:border-secondary-600
          hover:bg-secondary-50 dark:hover:bg-secondary-700 hover:border-secondary-400 dark:hover:border-secondary-500
          focus:ring-secondary-500 dark:focus:ring-secondary-400
          active:bg-secondary-100 dark:active:bg-secondary-600
          text-xs px-2" aria-disabled="false">Γî¿∩╕Å Shortcuts</button></div></div></div></nav><main class="max-w-7xl mx-auto px-4 sm:px-6 lg:px-8 py-6 sm:py-8"><div data-testid="home-page"><button type="button" aria-label="Start Assessment" role="button">Start Assessment</button></div></main></div>
[36m<body>[39m
  [36m<div>[39m
    [36m<div[39m
      [33mclass[39m=[32m"min-h-screen bg-gradient-to-br from-secondary-50 to-primary-50 dark:from-secondary-900 dark:to-primary-900 text-secondary-900 dark:text-secondary-100"[39m
    [36m>[39m
      [36m<nav[39m
        [33mclass[39m=[32m"bg-white/80 dark:bg-secondary-800/80 backdrop-blur-md border-b border-secondary-200 dark:border-secondary-700 px-4 py-4 shadow-sm overflow-hidden"[39m
      [36m>[39m
        [36m<div[39m
          [33mclass[39m=[32m"max-w-7xl mx-auto"[39m
        [36m>[39m
          [36m<div[39m
            [33mclass[39m=[32m"hidden lg:flex items-center justify-between"[39m
          [36m>[39m
            [36m<div[39m
              [33mclass[39m=[32m"flex items-center gap-3"[39m
            [36m>[39m
              [36m<h1[39m
                [33mclass[39m=[32m"text-xl font-display font-semibold text-secondary-900 dark:text-secondary-100"[39m
              [36m>[39m
                [0mBenefitFinder[0m
              [36m</h1>[39m
              [36m<a[39m
                [33maria-label[39m=[32m"Visit frootsnoops.com - a frootsnoops site"[39m
                [33mclass[39m=[32m"flex items-center gap-2 hover:opacity-80 transition-opacity duration-200"[39m
                [33mhref[39m=[32m"https://frootsnoops.com"[39m
                [33mrel[39m=[32m"noopener noreferrer"[39m
                [33mtarget[39m=[32m"_blank"[39m
              [36m>[39m
                [36m<div[39m
                  [33mclass[39m=[32m"w-11 h-11 rounded-full border-2 border-secondary-300 dark:border-secondary-600 overflow-hidden hover:scale-110 transition-transform duration-200 hover:border-primary-500 dark:hover:border-primary-400"[39m
                [36m>[39m
                  [36m<img[39m
                    [33malt[39m=[32m"Frootsnoops mascot"[39m
                    [33mclass[39m=[32m"w-full h-full object-cover"[39m
                    [33msrc[39m=[32m"/frootsnoops_mascot.png"[39m
                  [36m/>[39m
                [36m</div>[39m
                [36m<span[39m
                  [33mclass[39m=[32m"text-xs text-secondary-600 dark:text-secondary-400 font-medium"[39m
                [36m>[39m
                  [0ma frootsnoops site[0m
                [36m</span>[39m
              [36m</a>[39m
            [36m</div>[39m
            [36m<div[39m
              [33mclass[39m=[32m"flex items-center space-x-4"[39m
            [36m>[39m
              [36m<div[39m
                [33mclass[39m=[32m"flex items-center space-x-2"[39m
              [36m>[39m
                [36m<div[39m
                  [33mdata-testid[39m=[32m"help-tooltip"[39m
                [36m>[39m
                  [36m<button[39m
                    [33maria-disabled[39m=[32m"false"[39m
                    [33mclass[39m=[32m"relative inline-flex items-center justify-center font-medium
    transition-all duration-200 ease-smooth
    focus:outline-none focus:ring-2 focus:ring-offset-2
    active:scale-[0.98] disabled:active:scale-100
    min-h-touch rounded-lg px-4 py-2 text-sm min-h-[44px] 
          bg-transparent text-secondary-700 dark:text-secondary-200 border border-secondary-300 dark:border-secondary-600
          hover:bg-secondary-50 dark:hover:bg-secondary-700 hover:border-secondary-400 dark:hover:border-secondary-500
          focus:ring-secondary-500 dark:focus:ring-secondary-400
          active:bg-secondary-100 dark:active:bg-secondary-600
          text-xs"[39m
                    [33mtype[39m=[32m"button"[39m
                  [36m>[39m
                    [0m≡ƒÄ» [0m
                    [0mTour[0m
                  [36m</button>[39m
                [36m</div>[39m
                [36m<div[39m
                  [33mdata-testid[39m=[32m"help-tooltip"[39m
                [36m>[39m
                  [36m<button[39m
                    [33maria-disabled[39m=[32m"false"[39m
                    [33mclass[39m=[32m"relative inline-flex items-center justify-center font-medium
    transition-all duration-200 ease-smooth
    focus:outline-none focus:ring-2 focus:ring-offset-2
    active:scale-[0.98] disabled:active:scale-100
    min-h-touch rounded-lg px-4 py-2 text-sm min-h-[44px] 
          bg-transparent text-secondary-700 dark:text-secondary-200 border border-secondary-300 dark:border-secondary-600
          hover:bg-secondary-50 dark:hover:bg-secondary-700 hover:border-secondary-400 dark:hover:border-secondary-500
          focus:ring-secondary-500 dark:focus:ring-secondary-400
          active:bg-secondary-100 dark:active:bg-secondary-600
          text-xs"[39m
                    [33mtype[39m=[32m"button"[39m
                  [36m>[39m
                    [0m≡ƒöÆ [0m
                    [0mPrivacy[0m
                  [36m</button>[39m
                [36m</div>[39m
                [36m<div[39m
                  [33mdata-testid[39m=[32m"help-tooltip"[39m
                [36m>[39m
                  [36m<button[39m
                    [33maria-disabled[39m=[32m"false"[39m
                    [33mclass[39m=[32m"relative inline-flex items-center justify-center font-medium
    transition-all duration-200 ease-smooth
    focus:outline-none focus:ring-2 focus:ring-offset-2
    active:scale-[0.98] disabled:active:scale-100
    min-h-touch rounded-lg px-4 py-2 text-sm min-h-[44px] 
          bg-transparent text-secondary-700 dark:text-secondary-200 border border-secondary-300 dark:border-secondary-600
          hover:bg-secondary-50 dark:hover:bg-secondary-700 hover:border-secondary-400 dark:hover:border-secondary-500
          focus:ring-secondary-500 dark:focus:ring-secondary-400
          active:bg-secondary-100 dark:active:bg-secondary-600
          text-xs"[39m
                    [33mtype[39m=[32m"button"[39m
                  [36m>[39m
                    [0m≡ƒôû [0m
                    [0mGuide[0m
                  [36m</button>[39m
                [36m</div>[39m
                [36m<div[39m
                  [33mdata-testid[39m=[32m"help-tooltip"[39m
                [36m>[39m
                  [36m<button[39m
                    [33maria-disabled[39m=[32m"false"[39m
                    [33mclass[39m=[32m"relative inline-flex items-center justify-center font-medium
    transition-all duration-200 ease-smooth
    focus:outline-none focus:ring-2 focus:ring-offset-2
    active:scale-[0.98] disabled:active:scale-100
    min-h-touch rounded-lg px-4 py-2 text-sm min-h-[44px] 
          bg-transparent text-secondary-700 dark:text-secondary-200 border border-secondary-300 dark:border-secondary-600
          hover:bg-secondary-50 dark:hover:bg-secondary-700 hover:border-secondary-400 dark:hover:border-secondary-500
          focus:ring-secondary-500 dark:focus:ring-secondary-400
          active:bg-secondary-100 dark:a...

[90mstdout[2m | src/__tests__/App.test.tsx[2m > [22m[2mApp Component - Integration[2m > [22m[2mshould import and render without errors
[22m[39m[GLOBAL SETUP DEBUG] Global afterEach starting
[GLOBAL SETUP DEBUG] React cleanup completed
[GLOBAL SETUP DEBUG] Global afterEach completed in 3ms

 [32mΓ£ô[39m src/__tests__/App.test.tsx[2m > [22mApp Component - Integration[2m > [22mshould import and render without errors[32m 19[2mms[22m[39m

[2m Test Files [22m [1m[32m2 passed[39m[22m[90m (2)[39m
[2m      Tests [22m [1m[32m5 passed[39m[22m[90m (5)[39m
[2m   Start at [22m 01:12:11
[2m   Duration [22m 1.59s[2m (transform 228ms, setup 200ms, collect 117ms, tests 530ms, environment 478ms, prepare 178ms)[22m

